0:0:0:0:0:0:0:1 - - [26/Oct/2021:15:12:12 +0800] "GET /auth/api/registerbyphone HTTP/1.1" 400 968 http-bio-8081-exec-1 61
0:0:0:0:0:0:0:1 - - [26/Oct/2021:15:12:12 +0800] "GET /favicon.ico HTTP/1.1" 404 - http-bio-8081-exec-2 0
0:0:0:0:0:0:0:1 - - [26/Oct/2021:15:12:57 +0800] "GET /auth/api/registerbyphone HTTP/1.1" 200 75 http-bio-8081-exec-1 82
0:0:0:0:0:0:0:1 - - [26/Oct/2021:15:16:48 +0800] "GET /auth/api/registerbyphone HTTP/1.1" 400 968 http-bio-8081-exec-1 54
0:0:0:0:0:0:0:1 - - [26/Oct/2021:15:18:17 +0800] "POST /auth/api/dologin HTTP/1.0" 200 183 http-bio-8081-exec-3 310
127.0.0.1 - - [26/Oct/2021:15:18:23 +0800] "GET /auth/api/logout HTTP/1.0" 404 949 http-bio-8081-exec-4 4
0:0:0:0:0:0:0:1 - - [26/Oct/2021:15:18:49 +0800] "POST /auth/api/registerbyphone HTTP/1.0" 200 67 http-bio-8081-exec-5 1086
127.0.0.1 - - [26/Oct/2021:15:19:50 +0800] "POST /auth/api/registerbyphone HTTP/1.0" 200 67 http-bio-8081-exec-1 1287
0:0:0:0:0:0:0:1 - - [26/Oct/2021:15:28:20 +0800] "POST /auth/api/registerbyphone HTTP/1.0" 200 67 http-bio-8081-exec-1 1193
127.0.0.1 - - [26/Oct/2021:15:35:27 +0800] "POST /auth/api/registerbyphone HTTP/1.0" 500 7547 http-bio-8081-exec-1 187
0:0:0:0:0:0:0:1 - - [26/Oct/2021:15:38:34 +0800] "POST /auth/api/registerbyphone HTTP/1.0" 500 7547 http-bio-8081-exec-1 176
127.0.0.1 - - [26/Oct/2021:15:40:13 +0800] "POST /auth/api/registerbyphone HTTP/1.0" 500 7547 http-bio-8081-exec-1 182
0:0:0:0:0:0:0:1 - - [26/Oct/2021:15:53:13 +0800] "POST /auth/api/registerbyphone HTTP/1.0" 200 76 http-bio-8081-exec-1 224
127.0.0.1 - - [26/Oct/2021:15:56:47 +0800] "POST /auth/api/registerbyphone HTTP/1.0" 200 76 http-bio-8081-exec-2 10
0:0:0:0:0:0:0:1 - - [26/Oct/2021:15:59:07 +0800] "POST /auth/api/registerbyphone HTTP/1.0" 200 67 http-bio-8081-exec-1 1180
127.0.0.1 - - [26/Oct/2021:16:01:40 +0800] "POST /auth/api/registerbyphone HTTP/1.0" 200 76 http-bio-8081-exec-2 14
0:0:0:0:0:0:0:1 - - [26/Oct/2021:16:02:17 +0800] "PUT /auth/api/validatephone?user=18793643179&code=3181 HTTP/1.0" 404 949 http-bio-8081-exec-3 5
127.0.0.1 - - [26/Oct/2021:16:09:05 +0800] "POST /auth/api/registerbyphone HTTP/1.0" 200 76 http-bio-8081-exec-1 196
0:0:0:0:0:0:0:1 - - [26/Oct/2021:16:10:35 +0800] "POST /auth/api/registerbyphone HTTP/1.0" 200 67 http-bio-8081-exec-1 1400
127.0.0.1 - - [26/Oct/2021:16:11:03 +0800] "PUT /auth/api/validatephone?user=1893643179&code=4574 HTTP/1.0" 404 949 http-bio-8081-exec-2 3
0:0:0:0:0:0:0:1 - - [26/Oct/2021:16:57:03 +0800] "POST /auth/api/registerbyphone HTTP/1.0" 200 67 http-bio-8081-exec-1 1065
127.0.0.1 - - [26/Oct/2021:16:57:23 +0800] "PUT /auth/api/validatephone?user=18793643179&code=8412 HTTP/1.0" 200 67 http-bio-8081-exec-2 16
0:0:0:0:0:0:0:1 - - [26/Oct/2021:16:57:41 +0800] "POST /auth/api/dologin HTTP/1.0" 500 3748 http-bio-8081-exec-3 117
127.0.0.1 - - [26/Oct/2021:16:57:52 +0800] "POST /auth/api/dologin HTTP/1.0" 500 3748 http-bio-8081-exec-4 13
0:0:0:0:0:0:0:1 - - [26/Oct/2021:16:58:43 +0800] "POST /auth/api/dologin HTTP/1.0" 200 183 http-bio-8081-exec-5 97
127.0.0.1 - - [26/Oct/2021:16:59:45 +0800] "GET /auth/api/logout HTTP/1.0" 404 949 http-bio-8081-exec-6 6
0:0:0:0:0:0:0:1 - - [26/Oct/2021:16:59:58 +0800] "POST /auth/api/registerbyphone HTTP/1.0" 200 83 http-bio-8081-exec-7 6
127.0.0.1 - - [26/Oct/2021:17:00:55 +0800] "GET /auth/api/ckusr?name=1127635065%40qq.com HTTP/1.0" 404 949 http-bio-8081-exec-8 2
0:0:0:0:0:0:0:1 - - [26/Oct/2021:17:01:05 +0800] "GET /auth/api/ckusr?name=1044732267%40qq.com HTTP/1.0" 404 949 http-bio-8081-exec-9 2
127.0.0.1 - - [26/Oct/2021:17:01:24 +0800] "GET /auth/api/ckusr?name=1127635065%40qq.co HTTP/1.0" 404 949 http-bio-8081-exec-10 2
0:0:0:0:0:0:0:1 - - [26/Oct/2021:17:01:25 +0800] "GET /auth/api/ckusr?name=1127635065%40qq.com HTTP/1.0" 404 949 http-bio-8081-exec-1 2
127.0.0.1 - - [26/Oct/2021:17:02:27 +0800] "GET /auth/api/ckusr?name=1044732267%40qq.com HTTP/1.0" 404 949 http-bio-8081-exec-2 2
0:0:0:0:0:0:0:1 - - [26/Oct/2021:17:04:15 +0800] "GET /auth/api/ckusr?name=1208516381%40qq.com HTTP/1.0" 404 949 http-bio-8081-exec-3 2
127.0.0.1 - - [26/Oct/2021:17:07:51 +0800] "GET /auth/api/ckusr?name=1127635065%40qq.co HTTP/1.0" 404 949 http-bio-8081-exec-4 1
0:0:0:0:0:0:0:1 - - [26/Oct/2021:17:07:51 +0800] "GET /auth/api/ckusr?name=1127635065%40qq.com HTTP/1.0" 404 949 http-bio-8081-exec-5 1
127.0.0.1 - - [26/Oct/2021:17:07:53 +0800] "GET /auth/api/ckusr?name=1127635065%40qq.com HTTP/1.0" 404 949 http-bio-8081-exec-6 2
0:0:0:0:0:0:0:1 - - [26/Oct/2021:17:07:53 +0800] "GET /auth/api/ckusr?name=1127635065%40qq.co HTTP/1.0" 404 949 http-bio-8081-exec-7 2
127.0.0.1 - - [26/Oct/2021:17:08:03 +0800] "GET /auth/api/ckusr?name=1127635065%40QQ.CO HTTP/1.0" 404 949 http-bio-8081-exec-8 1
0:0:0:0:0:0:0:1 - - [26/Oct/2021:17:08:03 +0800] "GET /auth/api/ckusr?name=1127635065%40QQ.COM HTTP/1.0" 404 949 http-bio-8081-exec-9 2
127.0.0.1 - - [26/Oct/2021:17:08:04 +0800] "GET /auth/api/ckusr?name=1127635065%40QQ.CO HTTP/1.0" 404 949 http-bio-8081-exec-10 1
0:0:0:0:0:0:0:1 - - [26/Oct/2021:17:08:14 +0800] "GET /auth/api/ckusr?name=1127635065%40QQ.co HTTP/1.0" 404 949 http-bio-8081-exec-1 2
127.0.0.1 - - [26/Oct/2021:17:08:14 +0800] "GET /auth/api/ckusr?name=1127635065%40QQ.com HTTP/1.0" 404 949 http-bio-8081-exec-2 3
0:0:0:0:0:0:0:1 - - [26/Oct/2021:17:08:17 +0800] "GET /auth/api/ckusr?name=1127635065%40Q.com HTTP/1.0" 404 949 http-bio-8081-exec-3 2
127.0.0.1 - - [26/Oct/2021:17:08:18 +0800] "GET /auth/api/ckusr?name=1127635065%40q.com HTTP/1.0" 404 949 http-bio-8081-exec-4 2
0:0:0:0:0:0:0:1 - - [26/Oct/2021:17:08:18 +0800] "GET /auth/api/ckusr?name=1127635065%40qq.com HTTP/1.0" 404 949 http-bio-8081-exec-5 1
127.0.0.1 - - [26/Oct/2021:17:23:19 +0800] "GET /auth/api/ckusr?name=1208516381%40qq.com HTTP/1.0" 404 949 http-bio-8081-exec-1 38
0:0:0:0:0:0:0:1 - - [26/Oct/2021:17:23:37 +0800] "GET /auth/api/ckusr?name=1208516381%40qq.com HTTP/1.0" 404 949 http-bio-8081-exec-2 6
127.0.0.1 - - [26/Oct/2021:17:24:43 +0800] "GET /auth/api/ckusr?name=1208516381%40qq.com HTTP/1.0" 404 1003 http-bio-8081-exec-1 116
0:0:0:0:0:0:0:1 - - [26/Oct/2021:17:25:37 +0800] "GET /auth/api/ckusr?name=1208516381%40qq.com HTTP/1.0" 404 1003 http-bio-8081-exec-2 8
127.0.0.1 - - [26/Oct/2021:17:26:35 +0800] "GET /auth/api/ckusr?name=1208516381%40qq.com HTTP/1.0" 200 71 http-bio-8081-exec-1 163
0:0:0:0:0:0:0:1 - - [26/Oct/2021:17:26:48 +0800] "GET /auth/api/ckusr?name=1127635065%40qq.com HTTP/1.0" 200 71 http-bio-8081-exec-2 10
127.0.0.1 - - [26/Oct/2021:17:26:57 +0800] "GET /auth/api/ckusr?name=1044732267%40qq.com HTTP/1.0" 200 70 http-bio-8081-exec-3 6
0:0:0:0:0:0:0:1 - - [26/Oct/2021:17:27:05 +0800] "POST /auth/api/doregister HTTP/1.0" 404 949 http-bio-8081-exec-4 5
127.0.0.1 - - [26/Oct/2021:17:27:07 +0800] "POST /auth/api/doregister HTTP/1.0" 404 949 http-bio-8081-exec-5 4
0:0:0:0:0:0:0:1 - - [26/Oct/2021:17:28:26 +0800] "GET /auth/api/ckusr?name=1127635065%40qq.com HTTP/1.0" 200 71 http-bio-8081-exec-1 159
127.0.0.1 - - [26/Oct/2021:17:28:37 +0800] "GET /auth/api/ckusr?name=1044732267%40qq.com HTTP/1.0" 200 70 http-bio-8081-exec-2 8
0:0:0:0:0:0:0:1 - - [26/Oct/2021:17:29:14 +0800] "GET /auth/api/ckusr?name=1044732267@qq.com HTTP/1.0" 200 70 http-bio-8081-exec-3 11
127.0.0.1 - - [26/Oct/2021:17:36:47 +0800] "POST /auth/api/registerbyphone HTTP/1.0" 200 83 http-bio-8081-exec-4 42
0:0:0:0:0:0:0:1 - - [26/Oct/2021:17:38:47 +0800] "GET /auth/api/ckusr?name=1127635065%40qq.com HTTP/1.0" 200 83 http-bio-8081-exec-1 141
127.0.0.1 - - [26/Oct/2021:17:41:40 +0800] "GET /auth/api/ckusr?name=1044732267%40qq.com HTTP/1.0" 200 83 http-bio-8081-exec-1 160
0:0:0:0:0:0:0:1 - - [26/Oct/2021:17:41:46 +0800] "GET /auth/api/ckusr?name=1127635065%40qq.com HTTP/1.0" 200 55 http-bio-8081-exec-2 10
127.0.0.1 - - [26/Oct/2021:17:43:47 +0800] "POST /auth/api/doregister HTTP/1.0" 404 949 http-bio-8081-exec-3 9
0:0:0:0:0:0:0:1 - - [26/Oct/2021:17:49:22 +0800] "GET /auth/api/ckusr?name=1127635065%40qq.com HTTP/1.0" 200 55 http-bio-8081-exec-1 189
127.0.0.1 - - [26/Oct/2021:17:49:29 +0800] "POST /auth/api/doregister HTTP/1.0" 200 67 http-bio-8081-exec-2 39
